// Jest Snapshot v1, https://goo.gl/fbAQLP

exports[`Toast should render correct toast 1`] = `
<ToastProvider>
  <Portal
    containerInfo={
      <div
        id="toast-root"
      >
        <div
          class="toast-container"
        >
          <div
            class="notification"
          >
            <section
              aria-atomic="true"
              aria-label="Notification"
              class="Notification-module_notification__2hN3H notification_hds-notification__2DQPN Notification-module_error__2sn9y notification_hds-notification--error__3T1Of"
            >
              <div
                class="Notification-module_content__ZZKvE notification_hds-notification__content__5ylSS"
              >
                <div
                  aria-level="2"
                  class="Notification-module_label__1bhNu notification_hds-notification__label__2t1lR"
                  role="heading"
                >
                  <svg
                    aria-hidden="true"
                    class="Icon-module_icon__1Jtzj icon_hds-icon__1YqNC Icon-module_s__2WGWe icon_hds-icon--size-s__2Lkik Notification-module_icon__1ans7 notification_hds-icon__29HQM"
                    role="img"
                    viewBox="0 0 24 24"
                    xmlns="http://www.w3.org/2000/svg"
                  >
                    <g
                      fill="none"
                      fill-rule="evenodd"
                    >
                      <rect
                        height="24"
                        width="24"
                      />
                      <path
                        d="M11.1749534,3.45608205 C11.5239234,2.86969084 12.3977071,2.8487483 12.7841638,3.39325442 L12.8250466,3.45608205 L21.8770534,18.6666084 C22.2201691,19.2431624 21.8055019,19.9510257 21.123493,19.997576 L21.0520068,20 L2.94799316,20 C2.24813009,20 1.7986969,19.3113552 2.09013491,18.7266878 L2.1229466,18.6666084 L11.1749534,3.45608205 Z M13,16 L13,18 L11,18 L11,16 L13,16 Z M13,8.5 L13,14.5 L11,14.5 L11,8.5 L13,8.5 Z"
                        fill="currentColor"
                      />
                    </g>
                  </svg>
                  test title
                </div>
                <div
                  class="Notification-module_body__9BSAD notification_hds-notification__body__3cobH"
                >
                  <div
                    class="message-wrapper"
                  >
                    notification.defaultErrorText
                  </div>
                </div>
              </div>
              <button
                aria-label="notification.closeButtonText"
                class="Notification-module_close__JWYav notification_hds-notification__close-button__1yGIj Notification-module_error__2sn9y notification_hds-notification--error__3T1Of"
                title="notification.closeButtonText"
                type="button"
              >
                <svg
                  aria-hidden="true"
                  class="Icon-module_icon__1Jtzj icon_hds-icon__1YqNC Icon-module_s__2WGWe icon_hds-icon--size-s__2Lkik"
                  role="img"
                  viewBox="0 0 24 24"
                  xmlns="http://www.w3.org/2000/svg"
                >
                  <g
                    fill="none"
                    fill-rule="evenodd"
                  >
                    <rect
                      height="24"
                      width="24"
                    />
                    <polygon
                      fill="currentColor"
                      points="18 7.5 13.5 12 18 16.5 16.5 18 12 13.5 7.5 18 6 16.5 10.5 12 6 7.5 7.5 6 12 10.5 16.5 6"
                    />
                  </g>
                </svg>
              </button>
            </section>
          </div>
        </div>
      </div>
    }
  >
    <div
      className="toast-container"
    >
      <Toast
        hidden={false}
        id="test-1"
        key="test-1"
        onClose={[Function]}
        title="test title"
        type="error"
      >
        <NotificationComponent
          labelText="test title"
          onClose={[Function]}
          show={true}
          type="error"
        >
          <div
            className="notification"
          >
            <ForwardRef
              closeButtonLabelText="notification.closeButtonText"
              dismissible={true}
              label="test title"
              onClose={[Function]}
              type="error"
            >
              <Qd
                visuallyHidden={false}
              >
                <Animated(section)
                  aria-atomic="true"
                  aria-label="Notification"
                  className="Notification-module_notification__2hN3H notification_hds-notification__2DQPN Notification-module_error__2sn9y notification_hds-notification--error__3T1Of"
                  style={Object {}}
                >
                  <section
                    aria-atomic="true"
                    aria-label="Notification"
                    className="Notification-module_notification__2hN3H notification_hds-notification__2DQPN Notification-module_error__2sn9y notification_hds-notification--error__3T1Of"
                    style={Object {}}
                  >
                    <div
                      className="Notification-module_content__ZZKvE notification_hds-notification__content__5ylSS"
                      role={null}
                    >
                      <div
                        aria-level={2}
                        className="Notification-module_label__1bhNu notification_hds-notification__label__2t1lR"
                        role="heading"
                      >
                        <V
                          aria-hidden={true}
                          className="Notification-module_icon__1ans7 notification_hds-icon__29HQM"
                        >
                          <svg
                            aria-hidden={true}
                            className="Icon-module_icon__1Jtzj icon_hds-icon__1YqNC Icon-module_s__2WGWe icon_hds-icon--size-s__2Lkik Notification-module_icon__1ans7 notification_hds-icon__29HQM"
                            role="img"
                            style={Object {}}
                            viewBox="0 0 24 24"
                            xmlns="http://www.w3.org/2000/svg"
                          >
                            <g
                              fill="none"
                              fillRule="evenodd"
                            >
                              <rect
                                height="24"
                                width="24"
                              />
                              <path
                                d="M11.1749534,3.45608205 C11.5239234,2.86969084 12.3977071,2.8487483 12.7841638,3.39325442 L12.8250466,3.45608205 L21.8770534,18.6666084 C22.2201691,19.2431624 21.8055019,19.9510257 21.123493,19.997576 L21.0520068,20 L2.94799316,20 C2.24813009,20 1.7986969,19.3113552 2.09013491,18.7266878 L2.1229466,18.6666084 L11.1749534,3.45608205 Z M13,16 L13,18 L11,18 L11,16 L13,16 Z M13,8.5 L13,14.5 L11,14.5 L11,8.5 L13,8.5 Z"
                                fill="currentColor"
                              />
                            </g>
                          </svg>
                        </V>
                        <Qd
                          visuallyHidden={false}
                        >
                          test title
                        </Qd>
                      </div>
                      <div
                        className="Notification-module_body__9BSAD notification_hds-notification__body__3cobH"
                      >
                        <div
                          className="message-wrapper"
                        >
                          notification.defaultErrorText
                        </div>
                      </div>
                    </div>
                    <button
                      aria-label="notification.closeButtonText"
                      className="Notification-module_close__JWYav notification_hds-notification__close-button__1yGIj Notification-module_error__2sn9y notification_hds-notification--error__3T1Of"
                      onClick={[Function]}
                      title="notification.closeButtonText"
                      type="button"
                    >
                      <j
                        aria-hidden={true}
                      >
                        <svg
                          aria-hidden={true}
                          className="Icon-module_icon__1Jtzj icon_hds-icon__1YqNC Icon-module_s__2WGWe icon_hds-icon--size-s__2Lkik"
                          role="img"
                          style={Object {}}
                          viewBox="0 0 24 24"
                          xmlns="http://www.w3.org/2000/svg"
                        >
                          <g
                            fill="none"
                            fillRule="evenodd"
                          >
                            <rect
                              height="24"
                              width="24"
                            />
                            <polygon
                              fill="currentColor"
                              points="18 7.5 13.5 12 18 16.5 16.5 18 12 13.5 7.5 18 6 16.5 10.5 12 6 7.5 7.5 6 12 10.5 16.5 6"
                            />
                          </g>
                        </svg>
                      </j>
                    </button>
                  </section>
                </Animated(section)>
              </Qd>
            </ForwardRef>
          </div>
        </NotificationComponent>
      </Toast>
    </div>
  </Portal>
  <TestInvoker
    toast={
      Object {
        "id": "test-1",
        "title": "test title",
        "type": "error",
      }
    }
  >
    <button
      id="create"
      onClick={[Function]}
    >
      test create
    </button>
  </TestInvoker>
</ToastProvider>
`;
