// Jest Snapshot v1, https://goo.gl/fbAQLP

exports[`Toast should render correct toast 1`] = `
<ToastProvider>
  <Portal
    containerInfo={
      <div
        id="toast-root"
      >
        <div
          class="toast-container"
        >
          <div
            class="notification"
          >
            <section
              aria-label="Notification"
              class="Notification-module_notification__2hN3H notification_hds-notification__2DQPN Notification-module_error__2sn9y notification_hds-notification--error__3T1Of"
            >
              <div
                class="Notification-module_content__ZZKvE notification_hds-notification__content__5ylSS"
              >
                <div
                  aria-level="2"
                  class="Notification-module_label__1bhNu notification_hds-notification__label__2t1lR"
                  role="heading"
                >
                  <svg
                    aria-hidden="true"
                    aria-label="error-fill"
                    class="Icon-module_icon__1Jtzj icon_hds-icon__1YqNC Icon-module_s__2WGWe icon_hds-icon--size-s__2Lkik Notification-module_icon__1ans7 notification_hds-icon__29HQM"
                    role="img"
                    viewBox="0 0 24 24"
                    xmlns="http://www.w3.org/2000/svg"
                  >
                    <path
                      clip-rule="evenodd"
                      d="M11.175 3.45608C11.5239 2.86969 12.3977 2.84875 12.7842 3.39325L12.825 3.45608L21.8771 18.6666C22.2202 19.2432 21.8055 19.951 21.1235 19.9976L21.052 20H2.94799C2.24813 20 1.7987 19.3114 2.09013 18.7267L2.12295 18.6666L11.175 3.45608ZM13 16V18H11V16H13ZM13 8.5V14.5H11V8.5H13Z"
                      fill="currentColor"
                      fill-rule="evenodd"
                    />
                  </svg>
                  test title
                </div>
                <div
                  class="Notification-module_body__9BSAD notification_hds-notification__body__3cobH"
                >
                  <div
                    class="message-wrapper"
                  >
                    notification.defaultErrorText
                  </div>
                </div>
              </div>
              <button
                aria-label="notification.closeButtonText"
                class="Notification-module_close__JWYav notification_hds-notification__close-button__1yGIj Notification-module_error__2sn9y notification_hds-notification--error__3T1Of"
                title="notification.closeButtonText"
                type="button"
              >
                <svg
                  aria-hidden="true"
                  aria-label="cross"
                  class="Icon-module_icon__1Jtzj icon_hds-icon__1YqNC Icon-module_s__2WGWe icon_hds-icon--size-s__2Lkik"
                  role="img"
                  viewBox="0 0 24 24"
                  xmlns="http://www.w3.org/2000/svg"
                >
                  <path
                    clip-rule="evenodd"
                    d="M18 7.5L13.5 12L18 16.5L16.5 18L12 13.5L7.5 18L6 16.5L10.5 12L6 7.5L7.5 6L12 10.5L16.5 6L18 7.5Z"
                    fill="currentColor"
                    fill-rule="evenodd"
                  />
                </svg>
              </button>
            </section>
          </div>
        </div>
      </div>
    }
  >
    <div
      className="toast-container"
    >
      <Toast
        hidden={false}
        id="test-1"
        key="test-1"
        onClose={[Function]}
        title="test title"
        type="error"
      >
        <NotificationComponent
          labelText="test title"
          onClose={[Function]}
          show={true}
          type="error"
        >
          <div
            className="notification"
          >
            <ForwardRef
              closeButtonLabelText="notification.closeButtonText"
              dismissible={true}
              label="test title"
              onClose={[Function]}
              type="error"
            >
              <hn
                visuallyHidden={false}
              >
                <Animated(section)
                  aria-label="Notification"
                  className="Notification-module_notification__2hN3H notification_hds-notification__2DQPN Notification-module_error__2sn9y notification_hds-notification--error__3T1Of"
                  style={Object {}}
                >
                  <section
                    aria-label="Notification"
                    className="Notification-module_notification__2hN3H notification_hds-notification__2DQPN Notification-module_error__2sn9y notification_hds-notification--error__3T1Of"
                    style={Object {}}
                  >
                    <div
                      className="Notification-module_content__ZZKvE notification_hds-notification__content__5ylSS"
                    >
                      <div
                        aria-level={2}
                        className="Notification-module_label__1bhNu notification_hds-notification__label__2t1lR"
                        role="heading"
                      >
                        <Y
                          aria-hidden={true}
                          className="Notification-module_icon__1ans7 notification_hds-icon__29HQM"
                        >
                          <svg
                            aria-hidden={true}
                            aria-label="error-fill"
                            className="Icon-module_icon__1Jtzj icon_hds-icon__1YqNC Icon-module_s__2WGWe icon_hds-icon--size-s__2Lkik Notification-module_icon__1ans7 notification_hds-icon__29HQM"
                            role="img"
                            style={Object {}}
                            viewBox="0 0 24 24"
                            xmlns="http://www.w3.org/2000/svg"
                          >
                            <path
                              clipRule="evenodd"
                              d="M11.175 3.45608C11.5239 2.86969 12.3977 2.84875 12.7842 3.39325L12.825 3.45608L21.8771 18.6666C22.2202 19.2432 21.8055 19.951 21.1235 19.9976L21.052 20H2.94799C2.24813 20 1.7987 19.3114 2.09013 18.7267L2.12295 18.6666L11.175 3.45608ZM13 16V18H11V16H13ZM13 8.5V14.5H11V8.5H13Z"
                              fill="currentColor"
                              fillRule="evenodd"
                            />
                          </svg>
                        </Y>
                        <hn
                          visuallyHidden={false}
                        >
                          test title
                        </hn>
                      </div>
                      <div
                        className="Notification-module_body__9BSAD notification_hds-notification__body__3cobH"
                      >
                        <div
                          className="message-wrapper"
                        >
                          notification.defaultErrorText
                        </div>
                      </div>
                    </div>
                    <button
                      aria-label="notification.closeButtonText"
                      className="Notification-module_close__JWYav notification_hds-notification__close-button__1yGIj Notification-module_error__2sn9y notification_hds-notification--error__3T1Of"
                      onClick={[Function]}
                      title="notification.closeButtonText"
                      type="button"
                    >
                      <R
                        aria-hidden={true}
                      >
                        <svg
                          aria-hidden={true}
                          aria-label="cross"
                          className="Icon-module_icon__1Jtzj icon_hds-icon__1YqNC Icon-module_s__2WGWe icon_hds-icon--size-s__2Lkik"
                          role="img"
                          style={Object {}}
                          viewBox="0 0 24 24"
                          xmlns="http://www.w3.org/2000/svg"
                        >
                          <path
                            clipRule="evenodd"
                            d="M18 7.5L13.5 12L18 16.5L16.5 18L12 13.5L7.5 18L6 16.5L10.5 12L6 7.5L7.5 6L12 10.5L16.5 6L18 7.5Z"
                            fill="currentColor"
                            fillRule="evenodd"
                          />
                        </svg>
                      </R>
                    </button>
                  </section>
                </Animated(section)>
              </hn>
            </ForwardRef>
          </div>
        </NotificationComponent>
      </Toast>
    </div>
  </Portal>
  <TestInvoker
    toast={
      Object {
        "id": "test-1",
        "title": "test title",
        "type": "error",
      }
    }
  >
    <button
      id="create"
      onClick={[Function]}
    >
      test create
    </button>
  </TestInvoker>
</ToastProvider>
`;
